// Jest Snapshot v1, https://goo.gl/fbAQLP

exports[`Button Render Button correctly 1`] = `
<button
  className="buttonstyles__ButtonStyles-sc-hzaimf-0 jTkXlZ"
>
  Button Text
</button>
`;
