// Jest Snapshot v1, https://goo.gl/fbAQLP

exports[`Render Footer correctly 1`] = `
<footer
  className=""
>
  Â© 2021 T14g All Rights Reserved
</footer>
`;
